// Jest Snapshot v1, https://goo.gl/fbAQLP

exports[`stringifySelectors should stringify selector arrays and convert cssText strings to arrays 1`] = `
Object {
  "children": Array [
    Object {
      "children": Array [],
      "matches": Array [
        Object {
          "css": "div > div { color: blue; margin: 0px 0px 10px 20px; }",
          "selector": "?div >? DIV",
        },
      ],
    },
    Object {
      "children": Array [],
      "matches": Array [
        Object {
          "css": "div > div div, div {}",
          "mediaText": "max-width: 888px",
          "selector": "?div >? DIV DIV, DIV",
        },
      ],
    },
  ],
  "matches": Array [
    Object {
      "css": "div, div .class { padding: 40px; font-size: 20px; }",
      "selector": "?div?, ?div? .CLASS",
    },
  ],
}
`;
